int a;
bool b;
void f(){
	TOCONSOLE "AAAAAAAAAAAA";
}
void g(){
	TOCONSOLE "BBBBBBBBBBBB";
}
int main(int a){
	if (b(bool)){
		f(->void)();
	} else {
		g(->void)();
	}
}
