FATAL [2,21]: Multiply declared identifier
Name Analysis Failed
