bool glob;
int b;
int main(int b){
	int a;
	glob(bool) = a(int);
}
int maintwo(int b){
	int a;
	glob(bool) = a(int);
}
