FATAL [2,6]: Multiply declared identifier
Name Analysis Failed
