boolptr glob;
int main(){
	int a;
	glob(boolptr) = a(int);
}
