FATAL [1,13]: Empty escape sequence in character literal
