INTLIT:0 [1,3]
INT [1,5]
ID:onetwo [1,9]
ASSIGN [1,16]
INTLIT:12 [1,18]
SEMICOLON [1,20]
CHAR [1,22]
ID:charchar [1,27]
ASSIGN [1,36]
CHARLIT:tab
SEMICOLON [1,41]
ID:hahahah [1,43]
SEMICOLON [1,50]
CHARLIT:/
INTLIT:1 [2,3]
CHARLIT:tab
CHARLIT: 
CHARLIT: 
INTLIT:2 [2,35]
EOF [3,1]
