FATAL [2,5]: Bad escape sequence in char literal
FATAL [2,13]: Bad escape sequence in char literal
FATAL [2,17]: Bad escape sequence in char literal
FATAL [2,21]: Bad escape sequence in char literal
FATAL [2,25]: Bad escape sequence in char literal
