FATAL [1,1]: Bad escape sequence in char literal
FATAL [4,1]: Illegal character \
FATAL [5,1]: Illegal character \
FATAL [6,1]: Illegal character \
