ID:abc [1,1]
ID:d [1,5]
ID:e [1,7]
ID:f [1,9]
ID:g [1,11]
INTPTR [2,1]
EOF [3,1]
