AT [1,1]
CARAT [2,1]
LBRACE [3,1]
RBRACE [4,1]
LCURLY [5,1]
RCURLY [6,1]
LPAREN [7,1]
RPAREN [8,1]
SEMICOLON [9,1]
COMMA [10,1]
DASHDASH [11,1]
DASH [12,1]
CROSSCROSS [13,1]
CROSS [14,1]
STAR [15,1]
SLASH [16,1]
NOT [17,1]
EQUALS [18,1]
NOTEQUALS [19,1]
LESS [20,1]
GREATER [21,1]
AMP [22,1]
LESSEQ [23,1]
GREATEREQ [24,1]
ASSIGN [25,1]
AND [26,1]
OR [27,1]
INTLIT:2 [28,1]
EOF [29,1]
