CHARLIT:a
CHARLIT:b
CHARLIT:c
CHARLIT:d
CHARLIT:e
CHARLIT:f
CHARLIT:g
CHARLIT:h
CHARLIT:i
CHARLIT:$
CHARLIT:j
CHARLIT:k
CHARLIT:tab
CHARLIT:newline
CHARLIT: 
EOF [5,1]
