INTLIT:2147483647 [1,1]
INTLIT:2147483647 [2,1]
EOF [3,1]
