INTLIT:2147483647 [1,1]
INTLIT:2147483647 [1,14]
INTLIT:1234 [1,51]
EOF [3,1]
