ID:a [1,1]
ID:b [1,3]
ID:c [1,5]
ID:d [1,7]
ID:efg [1,9]
BOOLPTR [2,1]
EOF [4,1]
