BOOL [2,1]
FALSE [2,6]
SEMICOLON [2,11]
BOOL [3,1]
TRUE [3,6]
SEMICOLON [3,10]
ID:b [5,2]
ID:c [6,2]
ID:defg [7,1]
EOF [8,1]
