ID:a [1,1]
CHARLIT:b
CHARLIT:c
CHARLIT:d
CHARLIT:e
CHARLIT:f
ID:g [2,7]
CHARLIT:h
CHARLIT:i
ID:j [3,6]
CHARLIT:k
CHARLIT:\
ID:n [4,4]
CHARLIT: 
EOF [5,1]
