FATAL [5,6]: Function call with wrong number of args
FATAL [5,6]: Invalid assignment operand
Type Analysis Failed
