FATAL [4,4]: Invalid assignment operation
Type Analysis Failed
