FATAL [5,9]: Return with a value in void function
Type Analysis Failed
