FATAL [4,7]: Invalid assignment operation
Type Analysis Failed
