FATAL [2,1]: Invalid type in declaration
FATAL [2,6]: Multiply declared identifier
Type Analysis Failed
