void main(){
	int age;
	TOONSOLE "enter your age: ";
	FROMCONSOLE age;
	TOCONSOLE "\nyour age is";
	TOCONSOLE age;
}
