INT [1,1]
ID:main [1,5]
LPAREN [1,9]
RPAREN [1,10]
LCURLY [1,12]
ID:printf [2,2]
LPAREN [2,8]
STRINGLIT:"Hello, world!\n" [2,9]
RPAREN [2,26]
SEMICOLON [2,27]
RETURN [3,2]
INTLIT:0 [3,9]
SEMICOLON [3,10]
RCURLY [4,1]
EOF [5,1]
