syntax error, unexpected RETURN, expecting SEMICOLON
