int a;
intptr b;
int c;
int fn(int test, bool test2){
	a = 1;
	c = 9;
	b = ^c;
	b[0] = a;
}
